Command line invocation:
    /Applications/Xcode.app/Contents/Developer/usr/bin/xcodebuild -project prayers.xcodeproj -scheme "prayers Watch App" -destination "platform=watchOS Simulator,name=Apple Watch Ultra 3 (49mm)" CODE_SIGNING_ALLOWED=NO -configuration Debug build

Build settings from command line:
    CODE_SIGNING_ALLOWED = NO

2026-03-19 15:57:26.227 xcodebuild[59633:50682329] [MT] IDERunDestination: Supported platforms for the buildables in the current scheme is empty.
ComputePackagePrebuildTargetDependencyGraph

Prepare packages

CreateBuildRequest

SendProjectDescription

CreateBuildOperation

ComputeTargetDependencyGraph
note: Building targets in dependency order
note: Target dependency graph (2 targets)
    Target 'prayers' in project 'prayers'
        ➜ Explicit dependency on target 'prayers Watch App' in project 'prayers'
    Target 'prayers Watch App' in project 'prayers' (no dependencies)

GatherProvisioningInputs

CreateBuildDescription

ExecuteExternalTool /Applications/Xcode.app/Contents/Developer/Toolchains/XcodeDefault.xctoolchain/usr/bin/clang -v -E -dM -isysroot /Applications/Xcode.app/Contents/Developer/Platforms/WatchSimulator.platform/Developer/SDKs/WatchSimulator26.2.sdk -x c -c /dev/null

ExecuteExternalTool /Applications/Xcode.app/Contents/Developer/usr/bin/actool --print-asset-tag-combinations --output-format xml1 /Users/thrillerx/dev/prayers-watch/prayers/prayers/Preview Content/Preview Assets.xcassets /Users/thrillerx/dev/prayers-watch/prayers/prayers/Assets.xcassets

ExecuteExternalTool /Applications/Xcode.app/Contents/Developer/usr/bin/actool --print-asset-tag-combinations --output-format xml1 /Users/thrillerx/dev/prayers-watch/prayers/prayers Watch App/Preview Content/Preview Assets.xcassets /Users/thrillerx/dev/prayers-watch/prayers/prayers Watch App/Assets.xcassets

ExecuteExternalTool /Applications/Xcode.app/Contents/Developer/usr/bin/actool --version --output-format xml1

ExecuteExternalTool /Applications/Xcode.app/Contents/Developer/Toolchains/XcodeDefault.xctoolchain/usr/bin/swiftc --version

ExecuteExternalTool /Applications/Xcode.app/Contents/Developer/Toolchains/XcodeDefault.xctoolchain/usr/bin/clang -v -E -dM -isysroot /Applications/Xcode.app/Contents/Developer/Platforms/iPhoneSimulator.platform/Developer/SDKs/iPhoneSimulator26.2.sdk -x c -c /dev/null

ExecuteExternalTool /Applications/Xcode.app/Contents/Developer/Toolchains/XcodeDefault.xctoolchain/usr/bin/ld -version_details

Build description signature: 7f9e2955b21eb0d6f04ea662f2029922
Build description path: /Users/thrillerx/Library/Developer/Xcode/DerivedData/prayers-hdagpxiyvirdbwbhmeneqporaamm/Build/Intermediates.noindex/XCBuildData/7f9e2955b21eb0d6f04ea662f2029922.xcbuilddata
ClangStatCache /Applications/Xcode.app/Contents/Developer/Toolchains/XcodeDefault.xctoolchain/usr/bin/clang-stat-cache /Applications/Xcode.app/Contents/Developer/Platforms/WatchSimulator.platform/Developer/SDKs/WatchSimulator26.2.sdk /Users/thrillerx/Library/Developer/Xcode/DerivedData/SDKStatCaches.noindex/watchsimulator26.2-23S303-963ebdd26732d23a23bcca82c2045e26.sdkstatcache
    cd /Users/thrillerx/dev/prayers-watch/prayers/prayers.xcodeproj
    /Applications/Xcode.app/Contents/Developer/Toolchains/XcodeDefault.xctoolchain/usr/bin/clang-stat-cache /Applications/Xcode.app/Contents/Developer/Platforms/WatchSimulator.platform/Developer/SDKs/WatchSimulator26.2.sdk -o /Users/thrillerx/Library/Developer/Xcode/DerivedData/SDKStatCaches.noindex/watchsimulator26.2-23S303-963ebdd26732d23a23bcca82c2045e26.sdkstatcache

ClangStatCache /Applications/Xcode.app/Contents/Developer/Toolchains/XcodeDefault.xctoolchain/usr/bin/clang-stat-cache /Applications/Xcode.app/Contents/Developer/Platforms/iPhoneSimulator.platform/Developer/SDKs/iPhoneSimulator26.2.sdk /Users/thrillerx/Library/Developer/Xcode/DerivedData/SDKStatCaches.noindex/iphonesimulator26.2-23C53-7d00a8b37fbd7999ea79df8ebc024bf0.sdkstatcache
    cd /Users/thrillerx/dev/prayers-watch/prayers/prayers.xcodeproj
    /Applications/Xcode.app/Contents/Developer/Toolchains/XcodeDefault.xctoolchain/usr/bin/clang-stat-cache /Applications/Xcode.app/Contents/Developer/Platforms/iPhoneSimulator.platform/Developer/SDKs/iPhoneSimulator26.2.sdk -o /Users/thrillerx/Library/Developer/Xcode/DerivedData/SDKStatCaches.noindex/iphonesimulator26.2-23C53-7d00a8b37fbd7999ea79df8ebc024bf0.sdkstatcache

CompileAssetCatalogVariant thinned /Users/thrillerx/Library/Developer/Xcode/DerivedData/prayers-hdagpxiyvirdbwbhmeneqporaamm/Build/Products/Debug-watchsimulator/prayers\ Watch\ App.app /Users/thrillerx/dev/prayers-watch/prayers/prayers\ Watch\ App/Preview\ Content/Preview\ Assets.xcassets /Users/thrillerx/dev/prayers-watch/prayers/prayers\ Watch\ App/Assets.xcassets (in target 'prayers Watch App' from project 'prayers')
    cd /Users/thrillerx/dev/prayers-watch/prayers
    /Applications/Xcode.app/Contents/Developer/usr/bin/actool /Users/thrillerx/dev/prayers-watch/prayers/prayers\ Watch\ App/Preview\ Content/Preview\ Assets.xcassets /Users/thrillerx/dev/prayers-watch/prayers/prayers\ Watch\ App/Assets.xcassets --compile /Users/thrillerx/Library/Developer/Xcode/DerivedData/prayers-hdagpxiyvirdbwbhmeneqporaamm/Build/Intermediates.noindex/prayers.build/Debug-watchsimulator/prayers\ Watch\ App.build/assetcatalog_output/thinned --output-format human-readable-text --notices --warnings --export-dependency-info /Users/thrillerx/Library/Developer/Xcode/DerivedData/prayers-hdagpxiyvirdbwbhmeneqporaamm/Build/Intermediates.noindex/prayers.build/Debug-watchsimulator/prayers\ Watch\ App.build/assetcatalog_dependencies_thinned --output-partial-info-plist /Users/thrillerx/Library/Developer/Xcode/DerivedData/prayers-hdagpxiyvirdbwbhmeneqporaamm/Build/Intermediates.noindex/prayers.build/Debug-watchsimulator/prayers\ Watch\ App.build/assetcatalog_generated_info.plist_thinned --app-icon AppIcon --accent-color AccentColor --compress-pngs --enable-on-demand-resources YES --filter-for-thinning-device-configuration Watch7,12 --filter-for-device-os-version 26.2 --development-region en --target-device watch --minimum-deployment-target 11.2 --platform watchsimulator
/* com.apple.actool.compilation-results */
/Users/thrillerx/Library/Developer/Xcode/DerivedData/prayers-hdagpxiyvirdbwbhmeneqporaamm/Build/Intermediates.noindex/prayers.build/Debug-watchsimulator/prayers Watch App.build/assetcatalog_generated_info.plist_thinned


ProcessInfoPlistFile /Users/thrillerx/Library/Developer/Xcode/DerivedData/prayers-hdagpxiyvirdbwbhmeneqporaamm/Build/Products/Debug-watchsimulator/prayers\ Watch\ App.app/Info.plist /Users/thrillerx/Library/Developer/Xcode/DerivedData/prayers-hdagpxiyvirdbwbhmeneqporaamm/Build/Intermediates.noindex/prayers.build/Debug-watchsimulator/prayers\ Watch\ App.build/empty-prayers\ Watch\ App.plist (in target 'prayers Watch App' from project 'prayers')
    cd /Users/thrillerx/dev/prayers-watch/prayers
    builtin-infoPlistUtility /Users/thrillerx/Library/Developer/Xcode/DerivedData/prayers-hdagpxiyvirdbwbhmeneqporaamm/Build/Intermediates.noindex/prayers.build/Debug-watchsimulator/prayers\ Watch\ App.build/empty-prayers\ Watch\ App.plist -producttype com.apple.product-type.application -genpkginfo /Users/thrillerx/Library/Developer/Xcode/DerivedData/prayers-hdagpxiyvirdbwbhmeneqporaamm/Build/Products/Debug-watchsimulator/prayers\ Watch\ App.app/PkgInfo -expandbuildsettings -format binary -platform watchsimulator -additionalcontentfile /Users/thrillerx/Library/Developer/Xcode/DerivedData/prayers-hdagpxiyvirdbwbhmeneqporaamm/Build/Intermediates.noindex/prayers.build/Debug-watchsimulator/prayers\ Watch\ App.build/assetcatalog_generated_info.plist -o /Users/thrillerx/Library/Developer/Xcode/DerivedData/prayers-hdagpxiyvirdbwbhmeneqporaamm/Build/Products/Debug-watchsimulator/prayers\ Watch\ App.app/Info.plist

CopySwiftLibs /Users/thrillerx/Library/Developer/Xcode/DerivedData/prayers-hdagpxiyvirdbwbhmeneqporaamm/Build/Products/Debug-watchsimulator/prayers\ Watch\ App.app (in target 'prayers Watch App' from project 'prayers')
    cd /Users/thrillerx/dev/prayers-watch/prayers
    builtin-swiftStdLibTool --copy --verbose --scan-executable /Users/thrillerx/Library/Developer/Xcode/DerivedData/prayers-hdagpxiyvirdbwbhmeneqporaamm/Build/Products/Debug-watchsimulator/prayers\ Watch\ App.app/prayers\ Watch\ App.debug.dylib --scan-folder /Users/thrillerx/Library/Developer/Xcode/DerivedData/prayers-hdagpxiyvirdbwbhmeneqporaamm/Build/Products/Debug-watchsimulator/prayers\ Watch\ App.app/Frameworks --scan-folder /Users/thrillerx/Library/Developer/Xcode/DerivedData/prayers-hdagpxiyvirdbwbhmeneqporaamm/Build/Products/Debug-watchsimulator/prayers\ Watch\ App.app/PlugIns --scan-folder /Users/thrillerx/Library/Developer/Xcode/DerivedData/prayers-hdagpxiyvirdbwbhmeneqporaamm/Build/Products/Debug-watchsimulator/prayers\ Watch\ App.app/SystemExtensions --scan-folder /Users/thrillerx/Library/Developer/Xcode/DerivedData/prayers-hdagpxiyvirdbwbhmeneqporaamm/Build/Products/Debug-watchsimulator/prayers\ Watch\ App.app/Extensions --platform watchsimulator --toolchain /Applications/Xcode.app/Contents/Developer/Toolchains/XcodeDefault.xctoolchain --destination /Users/thrillerx/Library/Developer/Xcode/DerivedData/prayers-hdagpxiyvirdbwbhmeneqporaamm/Build/Products/Debug-watchsimulator/prayers\ Watch\ App.app/Frameworks --strip-bitcode --strip-bitcode-tool /Applications/Xcode.app/Contents/Developer/Toolchains/XcodeDefault.xctoolchain/usr/bin/bitcode_strip --emit-dependency-info /Users/thrillerx/Library/Developer/Xcode/DerivedData/prayers-hdagpxiyvirdbwbhmeneqporaamm/Build/Intermediates.noindex/prayers.build/Debug-watchsimulator/prayers\ Watch\ App.build/SwiftStdLibToolInputDependencies.dep --filter-for-swift-os
Ignoring --strip-bitcode because --sign was not passed

CompileAssetCatalogVariant thinned /Users/thrillerx/Library/Developer/Xcode/DerivedData/prayers-hdagpxiyvirdbwbhmeneqporaamm/Build/Products/Debug-iphonesimulator/prayers.app /Users/thrillerx/dev/prayers-watch/prayers/prayers/Preview\ Content/Preview\ Assets.xcassets /Users/thrillerx/dev/prayers-watch/prayers/prayers/Assets.xcassets (in target 'prayers' from project 'prayers')
    cd /Users/thrillerx/dev/prayers-watch/prayers
    /Applications/Xcode.app/Contents/Developer/usr/bin/actool /Users/thrillerx/dev/prayers-watch/prayers/prayers/Preview\ Content/Preview\ Assets.xcassets /Users/thrillerx/dev/prayers-watch/prayers/prayers/Assets.xcassets --compile /Users/thrillerx/Library/Developer/Xcode/DerivedData/prayers-hdagpxiyvirdbwbhmeneqporaamm/Build/Intermediates.noindex/prayers.build/Debug-iphonesimulator/prayers.build/assetcatalog_output/thinned --output-format human-readable-text --notices --warnings --export-dependency-info /Users/thrillerx/Library/Developer/Xcode/DerivedData/prayers-hdagpxiyvirdbwbhmeneqporaamm/Build/Intermediates.noindex/prayers.build/Debug-iphonesimulator/prayers.build/assetcatalog_dependencies_thinned --output-partial-info-plist /Users/thrillerx/Library/Developer/Xcode/DerivedData/prayers-hdagpxiyvirdbwbhmeneqporaamm/Build/Intermediates.noindex/prayers.build/Debug-iphonesimulator/prayers.build/assetcatalog_generated_info.plist_thinned --app-icon AppIcon --accent-color AccentColor --compress-pngs --enable-on-demand-resources YES --filter-for-thinning-device-configuration Watch7,12 --filter-for-device-os-version 26.2 --development-region en --target-device iphone --target-device ipad --minimum-deployment-target 18.2 --platform iphonesimulator
/* com.apple.actool.notices */
warning: Could not get trait set for device Watch7,12 with version 26.2
/* com.apple.actool.compilation-results */
/Users/thrillerx/Library/Developer/Xcode/DerivedData/prayers-hdagpxiyvirdbwbhmeneqporaamm/Build/Intermediates.noindex/prayers.build/Debug-iphonesimulator/prayers.build/assetcatalog_generated_info.plist_thinned


ProcessInfoPlistFile /Users/thrillerx/Library/Developer/Xcode/DerivedData/prayers-hdagpxiyvirdbwbhmeneqporaamm/Build/Products/Debug-iphonesimulator/prayers.app/Info.plist /Users/thrillerx/Library/Developer/Xcode/DerivedData/prayers-hdagpxiyvirdbwbhmeneqporaamm/Build/Intermediates.noindex/prayers.build/Debug-iphonesimulator/prayers.build/empty-prayers.plist (in target 'prayers' from project 'prayers')
    cd /Users/thrillerx/dev/prayers-watch/prayers
    builtin-infoPlistUtility /Users/thrillerx/Library/Developer/Xcode/DerivedData/prayers-hdagpxiyvirdbwbhmeneqporaamm/Build/Intermediates.noindex/prayers.build/Debug-iphonesimulator/prayers.build/empty-prayers.plist -producttype com.apple.product-type.application -genpkginfo /Users/thrillerx/Library/Developer/Xcode/DerivedData/prayers-hdagpxiyvirdbwbhmeneqporaamm/Build/Products/Debug-iphonesimulator/prayers.app/PkgInfo -expandbuildsettings -format binary -platform iphonesimulator -additionalcontentfile /Users/thrillerx/Library/Developer/Xcode/DerivedData/prayers-hdagpxiyvirdbwbhmeneqporaamm/Build/Intermediates.noindex/prayers.build/Debug-iphonesimulator/prayers.build/assetcatalog_generated_info.plist -scanforprivacyfile /Users/thrillerx/Library/Developer/Xcode/DerivedData/prayers-hdagpxiyvirdbwbhmeneqporaamm/Build/Products/Debug-iphonesimulator/prayers.app/Watch/prayers\ Watch\ App.app -o /Users/thrillerx/Library/Developer/Xcode/DerivedData/prayers-hdagpxiyvirdbwbhmeneqporaamm/Build/Products/Debug-iphonesimulator/prayers.app/Info.plist

CopySwiftLibs /Users/thrillerx/Library/Developer/Xcode/DerivedData/prayers-hdagpxiyvirdbwbhmeneqporaamm/Build/Products/Debug-iphonesimulator/prayers.app (in target 'prayers' from project 'prayers')
    cd /Users/thrillerx/dev/prayers-watch/prayers
    builtin-swiftStdLibTool --copy --verbose --scan-executable /Users/thrillerx/Library/Developer/Xcode/DerivedData/prayers-hdagpxiyvirdbwbhmeneqporaamm/Build/Products/Debug-iphonesimulator/prayers.app/prayers.debug.dylib --scan-folder /Users/thrillerx/Library/Developer/Xcode/DerivedData/prayers-hdagpxiyvirdbwbhmeneqporaamm/Build/Products/Debug-iphonesimulator/prayers.app/Frameworks --scan-folder /Users/thrillerx/Library/Developer/Xcode/DerivedData/prayers-hdagpxiyvirdbwbhmeneqporaamm/Build/Products/Debug-iphonesimulator/prayers.app/PlugIns --scan-folder /Users/thrillerx/Library/Developer/Xcode/DerivedData/prayers-hdagpxiyvirdbwbhmeneqporaamm/Build/Products/Debug-iphonesimulator/prayers.app/SystemExtensions --scan-folder /Users/thrillerx/Library/Developer/Xcode/DerivedData/prayers-hdagpxiyvirdbwbhmeneqporaamm/Build/Products/Debug-iphonesimulator/prayers.app/Extensions --platform iphonesimulator --toolchain /Applications/Xcode.app/Contents/Developer/Toolchains/XcodeDefault.xctoolchain --destination /Users/thrillerx/Library/Developer/Xcode/DerivedData/prayers-hdagpxiyvirdbwbhmeneqporaamm/Build/Products/Debug-iphonesimulator/prayers.app/Frameworks --strip-bitcode --strip-bitcode-tool /Applications/Xcode.app/Contents/Developer/Toolchains/XcodeDefault.xctoolchain/usr/bin/bitcode_strip --emit-dependency-info /Users/thrillerx/Library/Developer/Xcode/DerivedData/prayers-hdagpxiyvirdbwbhmeneqporaamm/Build/Intermediates.noindex/prayers.build/Debug-iphonesimulator/prayers.build/SwiftStdLibToolInputDependencies.dep --filter-for-swift-os --back-deploy-swift-span
Ignoring --strip-bitcode because --sign was not passed

** BUILD SUCCEEDED **

